// Jest Snapshot v1, https://goo.gl/fbAQLP

exports[`<Input /> renders correctly 1`] = `
<div
  className="search-container"
>
  <h2>
     Let's find your ideal car 
  </h2>
  <label>
     Pick-up Location 
  </label>
  <div
    className="input-container"
  >
    <input
      id="locations-input"
      onBlur={[Function]}
      onChange={[Function]}
      onFocus={[Function]}
      placeholder="city, airport, station, region, districtâ€¦"
      type="text"
    />
    <div
      className="loading-spinner-container"
    />
  </div>
</div>
`;
