// Jest Snapshot v1, https://goo.gl/fbAQLP

exports[`<SearchResults /> renders correctly 1`] = `
<div
  className="search-results-container"
  hidden={true}
>
  <ul />
</div>
`;
