// Jest Snapshot v1, https://goo.gl/fbAQLP

exports[`<Loading /> renders correctly 1`] = `
<img
  alt="loading spinner"
  className="loading-spinner"
  src="https://cdn2.rcstatic.com/images/site_graphics/newsite/preloader64.gif"
/>
`;
