// Jest Snapshot v1, https://goo.gl/fbAQLP

exports[`<InputContainer /> renders correctly 1`] = `
<React.Fragment>
  <Input
    handleChange={[Function]}
    handleOnBlur={[Function]}
    handleOnFocus={[Function]}
    loading={true}
    selectedLocation=""
    userInput=""
  />
  <SearchResults
    hideResults={false}
    searchData={Array []}
  />
</React.Fragment>
`;
